vagrant@iaschneiS:~$ kubectl get pods -n ingress-nginx
NAME                                        READY   STATUS    RESTARTS   AGE
ingress-nginx-controller-7689c9576c-8lwx2   1/1     Running   0          7m22s
vagrant@iaschneiS:~$ kubectl get pods
NAME                               READY   STATUS    RESTARTS   AGE
app1-deployment-654d4b7b4d-6lwpx   1/1     Running   0          3m14s
app2-deployment-594b9fd7fc-6t8rn   1/1     Running   0          3m13s
app2-deployment-594b9fd7fc-ktq6j   1/1     Running   0          3m13s
app2-deployment-594b9fd7fc-xnkgm   1/1     Running   0          3m13s
app3-deployment-fcbc7dfc8-th7dz    1/1     Running   0          3m10s
vagrant@iaschneiS:~$ kubectl get services
NAME           TYPE        CLUSTER-IP      EXTERNAL-IP   PORT(S)   AGE
app1-service   ClusterIP   10.43.191.141   <none>        80/TCP    3m15s
app2-service   ClusterIP   10.43.3.145     <none>        80/TCP    3m11s
app3-service   ClusterIP   10.43.98.238    <none>        80/TCP    3m6s
kubernetes     ClusterIP   10.43.0.1       <none>        443/TCP   8m9s
vagrant@iaschneiS:~$ kubectl describe ingress apps-ingress
Name:             apps-ingress
Labels:           <none>
Namespace:        default
Address:          
Ingress Class:    traefik
Default backend:  app3-service:80 (10.42.0.13:80)
Rules:
  Host        Path  Backends
  ----        ----  --------
  app1.com    
              /   app1-service:80 (10.42.0.12:80)
  app2.com    
              /   app2-service:80 (10.42.0.14:80,10.42.0.16:80,10.42.0.15:80)
Annotations:  nginx.ingress.kubernetes.io/rewrite-target: /
Events:       <none>
vagrant@iaschneiS:~$ kubectl logs -n ingess-nginx -l app.kubernetes.io/component=controller
No resources found in ingess-nginx namespace.
vagrant@iaschneiS:~$ kubectl logs -n ingress-nginx -l app.kubernetes.io/component=controller
I0612 17:22:34.052283       8 nginx.go:337] "Starting validation webhook" address=":8443" certPath="/usr/local/certificates/cert" keyPath="/usr/local/certificates/key"
I0612 17:22:34.064390       8 controller.go:196] "Configuration changes detected, backend reload required"
I0612 17:22:34.086427       8 leaderelection.go:271] successfully acquired lease ingress-nginx/ingress-nginx-leader
I0612 17:22:34.087821       8 status.go:85] "New leader elected" identity="ingress-nginx-controller-7689c9576c-8lwx2"
I0612 17:22:34.377192       8 controller.go:216] "Backend successfully reloaded"
I0612 17:22:34.378343       8 controller.go:227] "Initial sync, sleeping for 1 second"
I0612 17:22:34.378724       8 event.go:377] Event(v1.ObjectReference{Kind:"Pod", Namespace:"ingress-nginx", Name:"ingress-nginx-controller-7689c9576c-8lwx2", UID:"824221f4-127e-484c-a5fe-5fb3e7e2d20c", APIVersion:"v1", ResourceVersion:"530", FieldPath:""}): type: 'Normal' reason: 'RELOAD' NGINX reload triggered due to a change in configuration
W0612 17:24:14.716765       8 controller.go:336] ignoring ingress apps-ingress in default based on annotation : no object matching key "traefik" in local store
I0612 17:24:14.719769       8 main.go:107] "successfully validated configuration, accepting" ingress="default/apps-ingress"
I0612 17:24:14.919679       8 store.go:436] "Ignoring ingress because of error while validating ingress class" ingress="default/apps-ingress" error="no object matching key \"traefik\" in local store"

